// Jest Snapshot v1, https://goo.gl/fbAQLP

exports[`Zoopla getAllPagesUrls the response should match the screenshot 1`] = `
Array [
  Object {
    "params": Object {
      "api_key": "abc123",
      "area": "london",
      "listing_status": "sale",
      "maximum_price": "450000",
      "minimum_beds": 1,
      "ordering": "descending",
      "page_number": 2,
      "page_size": 100,
      "radius": 5,
    },
    "url": "http://apiurl.com",
  },
  Object {
    "params": Object {
      "api_key": "abc123",
      "area": "london",
      "listing_status": "sale",
      "maximum_price": "450000",
      "minimum_beds": 1,
      "ordering": "descending",
      "page_number": 3,
      "page_size": 100,
      "radius": 5,
    },
    "url": "http://apiurl.com",
  },
  Object {
    "params": Object {
      "api_key": "abc123",
      "area": "london",
      "listing_status": "sale",
      "maximum_price": "450000",
      "minimum_beds": 1,
      "ordering": "descending",
      "page_number": 4,
      "page_size": 100,
      "radius": 5,
    },
    "url": "http://apiurl.com",
  },
  Object {
    "params": Object {
      "api_key": "abc123",
      "area": "london",
      "listing_status": "sale",
      "maximum_price": "450000",
      "minimum_beds": 1,
      "ordering": "descending",
      "page_number": 5,
      "page_size": 100,
      "radius": 5,
    },
    "url": "http://apiurl.com",
  },
  Object {
    "params": Object {
      "api_key": "abc123",
      "area": "london",
      "listing_status": "sale",
      "maximum_price": "450000",
      "minimum_beds": 1,
      "ordering": "descending",
      "page_number": 6,
      "page_size": 100,
      "radius": 5,
    },
    "url": "http://apiurl.com",
  },
  Object {
    "params": Object {
      "api_key": "abc123",
      "area": "london",
      "listing_status": "sale",
      "maximum_price": "450000",
      "minimum_beds": 1,
      "ordering": "descending",
      "page_number": 7,
      "page_size": 100,
      "radius": 5,
    },
    "url": "http://apiurl.com",
  },
  Object {
    "params": Object {
      "api_key": "abc123",
      "area": "london",
      "listing_status": "sale",
      "maximum_price": "450000",
      "minimum_beds": 1,
      "ordering": "descending",
      "page_number": 8,
      "page_size": 100,
      "radius": 5,
    },
    "url": "http://apiurl.com",
  },
  Object {
    "params": Object {
      "api_key": "abc123",
      "area": "london",
      "listing_status": "sale",
      "maximum_price": "450000",
      "minimum_beds": 1,
      "ordering": "descending",
      "page_number": 9,
      "page_size": 100,
      "radius": 5,
    },
    "url": "http://apiurl.com",
  },
  Object {
    "params": Object {
      "api_key": "abc123",
      "area": "london",
      "listing_status": "sale",
      "maximum_price": "450000",
      "minimum_beds": 1,
      "ordering": "descending",
      "page_number": 10,
      "page_size": 100,
      "radius": 5,
    },
    "url": "http://apiurl.com",
  },
  Object {
    "params": Object {
      "api_key": "abc123",
      "area": "london",
      "listing_status": "sale",
      "maximum_price": "450000",
      "minimum_beds": 1,
      "ordering": "descending",
      "page_number": 11,
      "page_size": 100,
      "radius": 5,
    },
    "url": "http://apiurl.com",
  },
  Object {
    "params": Object {
      "api_key": "abc123",
      "area": "london",
      "listing_status": "sale",
      "maximum_price": "450000",
      "minimum_beds": 1,
      "ordering": "descending",
      "page_number": 12,
      "page_size": 100,
      "radius": 5,
    },
    "url": "http://apiurl.com",
  },
  Object {
    "params": Object {
      "api_key": "abc123",
      "area": "london",
      "listing_status": "sale",
      "maximum_price": "450000",
      "minimum_beds": 1,
      "ordering": "descending",
      "page_number": 13,
      "page_size": 100,
      "radius": 5,
    },
    "url": "http://apiurl.com",
  },
  Object {
    "params": Object {
      "api_key": "abc123",
      "area": "london",
      "listing_status": "sale",
      "maximum_price": "450000",
      "minimum_beds": 1,
      "ordering": "descending",
      "page_number": 14,
      "page_size": 100,
      "radius": 5,
    },
    "url": "http://apiurl.com",
  },
  Object {
    "params": Object {
      "api_key": "abc123",
      "area": "london",
      "listing_status": "sale",
      "maximum_price": "450000",
      "minimum_beds": 1,
      "ordering": "descending",
      "page_number": 15,
      "page_size": 100,
      "radius": 5,
    },
    "url": "http://apiurl.com",
  },
  Object {
    "params": Object {
      "api_key": "abc123",
      "area": "london",
      "listing_status": "sale",
      "maximum_price": "450000",
      "minimum_beds": 1,
      "ordering": "descending",
      "page_number": 16,
      "page_size": 100,
      "radius": 5,
    },
    "url": "http://apiurl.com",
  },
  Object {
    "params": Object {
      "api_key": "abc123",
      "area": "london",
      "listing_status": "sale",
      "maximum_price": "450000",
      "minimum_beds": 1,
      "ordering": "descending",
      "page_number": 17,
      "page_size": 100,
      "radius": 5,
    },
    "url": "http://apiurl.com",
  },
  Object {
    "params": Object {
      "api_key": "abc123",
      "area": "london",
      "listing_status": "sale",
      "maximum_price": "450000",
      "minimum_beds": 1,
      "ordering": "descending",
      "page_number": 18,
      "page_size": 100,
      "radius": 5,
    },
    "url": "http://apiurl.com",
  },
  Object {
    "params": Object {
      "api_key": "abc123",
      "area": "london",
      "listing_status": "sale",
      "maximum_price": "450000",
      "minimum_beds": 1,
      "ordering": "descending",
      "page_number": 19,
      "page_size": 100,
      "radius": 5,
    },
    "url": "http://apiurl.com",
  },
  Object {
    "params": Object {
      "api_key": "abc123",
      "area": "london",
      "listing_status": "sale",
      "maximum_price": "450000",
      "minimum_beds": 1,
      "ordering": "descending",
      "page_number": 20,
      "page_size": 100,
      "radius": 5,
    },
    "url": "http://apiurl.com",
  },
  Object {
    "params": Object {
      "api_key": "abc123",
      "area": "london",
      "listing_status": "sale",
      "maximum_price": "450000",
      "minimum_beds": 1,
      "ordering": "descending",
      "page_number": 21,
      "page_size": 100,
      "radius": 5,
    },
    "url": "http://apiurl.com",
  },
  Object {
    "params": Object {
      "api_key": "abc123",
      "area": "london",
      "listing_status": "sale",
      "maximum_price": "450000",
      "minimum_beds": 1,
      "ordering": "descending",
      "page_number": 22,
      "page_size": 100,
      "radius": 5,
    },
    "url": "http://apiurl.com",
  },
  Object {
    "params": Object {
      "api_key": "abc123",
      "area": "london",
      "listing_status": "sale",
      "maximum_price": "450000",
      "minimum_beds": 1,
      "ordering": "descending",
      "page_number": 23,
      "page_size": 100,
      "radius": 5,
    },
    "url": "http://apiurl.com",
  },
  Object {
    "params": Object {
      "api_key": "abc123",
      "area": "london",
      "listing_status": "sale",
      "maximum_price": "450000",
      "minimum_beds": 1,
      "ordering": "descending",
      "page_number": 24,
      "page_size": 100,
      "radius": 5,
    },
    "url": "http://apiurl.com",
  },
  Object {
    "params": Object {
      "api_key": "abc123",
      "area": "london",
      "listing_status": "sale",
      "maximum_price": "450000",
      "minimum_beds": 1,
      "ordering": "descending",
      "page_number": 25,
      "page_size": 100,
      "radius": 5,
    },
    "url": "http://apiurl.com",
  },
  Object {
    "params": Object {
      "api_key": "abc123",
      "area": "london",
      "listing_status": "sale",
      "maximum_price": "450000",
      "minimum_beds": 1,
      "ordering": "descending",
      "page_number": 26,
      "page_size": 100,
      "radius": 5,
    },
    "url": "http://apiurl.com",
  },
  Object {
    "params": Object {
      "api_key": "abc123",
      "area": "london",
      "listing_status": "sale",
      "maximum_price": "450000",
      "minimum_beds": 1,
      "ordering": "descending",
      "page_number": 27,
      "page_size": 100,
      "radius": 5,
    },
    "url": "http://apiurl.com",
  },
  Object {
    "params": Object {
      "api_key": "abc123",
      "area": "london",
      "listing_status": "sale",
      "maximum_price": "450000",
      "minimum_beds": 1,
      "ordering": "descending",
      "page_number": 28,
      "page_size": 100,
      "radius": 5,
    },
    "url": "http://apiurl.com",
  },
  Object {
    "params": Object {
      "api_key": "abc123",
      "area": "london",
      "listing_status": "sale",
      "maximum_price": "450000",
      "minimum_beds": 1,
      "ordering": "descending",
      "page_number": 29,
      "page_size": 100,
      "radius": 5,
    },
    "url": "http://apiurl.com",
  },
  Object {
    "params": Object {
      "api_key": "abc123",
      "area": "london",
      "listing_status": "sale",
      "maximum_price": "450000",
      "minimum_beds": 1,
      "ordering": "descending",
      "page_number": 30,
      "page_size": 100,
      "radius": 5,
    },
    "url": "http://apiurl.com",
  },
  Object {
    "params": Object {
      "api_key": "abc123",
      "area": "london",
      "listing_status": "sale",
      "maximum_price": "450000",
      "minimum_beds": 1,
      "ordering": "descending",
      "page_number": 31,
      "page_size": 100,
      "radius": 5,
    },
    "url": "http://apiurl.com",
  },
  Object {
    "params": Object {
      "api_key": "abc123",
      "area": "london",
      "listing_status": "sale",
      "maximum_price": "450000",
      "minimum_beds": 1,
      "ordering": "descending",
      "page_number": 32,
      "page_size": 100,
      "radius": 5,
    },
    "url": "http://apiurl.com",
  },
  Object {
    "params": Object {
      "api_key": "abc123",
      "area": "london",
      "listing_status": "sale",
      "maximum_price": "450000",
      "minimum_beds": 1,
      "ordering": "descending",
      "page_number": 33,
      "page_size": 100,
      "radius": 5,
    },
    "url": "http://apiurl.com",
  },
  Object {
    "params": Object {
      "api_key": "abc123",
      "area": "london",
      "listing_status": "sale",
      "maximum_price": "450000",
      "minimum_beds": 1,
      "ordering": "descending",
      "page_number": 34,
      "page_size": 100,
      "radius": 5,
    },
    "url": "http://apiurl.com",
  },
  Object {
    "params": Object {
      "api_key": "abc123",
      "area": "london",
      "listing_status": "sale",
      "maximum_price": "450000",
      "minimum_beds": 1,
      "ordering": "descending",
      "page_number": 35,
      "page_size": 100,
      "radius": 5,
    },
    "url": "http://apiurl.com",
  },
  Object {
    "params": Object {
      "api_key": "abc123",
      "area": "london",
      "listing_status": "sale",
      "maximum_price": "450000",
      "minimum_beds": 1,
      "ordering": "descending",
      "page_number": 36,
      "page_size": 100,
      "radius": 5,
    },
    "url": "http://apiurl.com",
  },
  Object {
    "params": Object {
      "api_key": "abc123",
      "area": "london",
      "listing_status": "sale",
      "maximum_price": "450000",
      "minimum_beds": 1,
      "ordering": "descending",
      "page_number": 37,
      "page_size": 100,
      "radius": 5,
    },
    "url": "http://apiurl.com",
  },
  Object {
    "params": Object {
      "api_key": "abc123",
      "area": "london",
      "listing_status": "sale",
      "maximum_price": "450000",
      "minimum_beds": 1,
      "ordering": "descending",
      "page_number": 38,
      "page_size": 100,
      "radius": 5,
    },
    "url": "http://apiurl.com",
  },
  Object {
    "params": Object {
      "api_key": "abc123",
      "area": "london",
      "listing_status": "sale",
      "maximum_price": "450000",
      "minimum_beds": 1,
      "ordering": "descending",
      "page_number": 39,
      "page_size": 100,
      "radius": 5,
    },
    "url": "http://apiurl.com",
  },
  Object {
    "params": Object {
      "api_key": "abc123",
      "area": "london",
      "listing_status": "sale",
      "maximum_price": "450000",
      "minimum_beds": 1,
      "ordering": "descending",
      "page_number": 40,
      "page_size": 100,
      "radius": 5,
    },
    "url": "http://apiurl.com",
  },
  Object {
    "params": Object {
      "api_key": "abc123",
      "area": "london",
      "listing_status": "sale",
      "maximum_price": "450000",
      "minimum_beds": 1,
      "ordering": "descending",
      "page_number": 41,
      "page_size": 100,
      "radius": 5,
    },
    "url": "http://apiurl.com",
  },
  Object {
    "params": Object {
      "api_key": "abc123",
      "area": "london",
      "listing_status": "sale",
      "maximum_price": "450000",
      "minimum_beds": 1,
      "ordering": "descending",
      "page_number": 42,
      "page_size": 100,
      "radius": 5,
    },
    "url": "http://apiurl.com",
  },
  Object {
    "params": Object {
      "api_key": "abc123",
      "area": "london",
      "listing_status": "sale",
      "maximum_price": "450000",
      "minimum_beds": 1,
      "ordering": "descending",
      "page_number": 43,
      "page_size": 100,
      "radius": 5,
    },
    "url": "http://apiurl.com",
  },
  Object {
    "params": Object {
      "api_key": "abc123",
      "area": "london",
      "listing_status": "sale",
      "maximum_price": "450000",
      "minimum_beds": 1,
      "ordering": "descending",
      "page_number": 44,
      "page_size": 100,
      "radius": 5,
    },
    "url": "http://apiurl.com",
  },
  Object {
    "params": Object {
      "api_key": "abc123",
      "area": "london",
      "listing_status": "sale",
      "maximum_price": "450000",
      "minimum_beds": 1,
      "ordering": "descending",
      "page_number": 45,
      "page_size": 100,
      "radius": 5,
    },
    "url": "http://apiurl.com",
  },
  Object {
    "params": Object {
      "api_key": "abc123",
      "area": "london",
      "listing_status": "sale",
      "maximum_price": "450000",
      "minimum_beds": 1,
      "ordering": "descending",
      "page_number": 46,
      "page_size": 100,
      "radius": 5,
    },
    "url": "http://apiurl.com",
  },
  Object {
    "params": Object {
      "api_key": "abc123",
      "area": "london",
      "listing_status": "sale",
      "maximum_price": "450000",
      "minimum_beds": 1,
      "ordering": "descending",
      "page_number": 47,
      "page_size": 100,
      "radius": 5,
    },
    "url": "http://apiurl.com",
  },
  Object {
    "params": Object {
      "api_key": "abc123",
      "area": "london",
      "listing_status": "sale",
      "maximum_price": "450000",
      "minimum_beds": 1,
      "ordering": "descending",
      "page_number": 48,
      "page_size": 100,
      "radius": 5,
    },
    "url": "http://apiurl.com",
  },
  Object {
    "params": Object {
      "api_key": "abc123",
      "area": "london",
      "listing_status": "sale",
      "maximum_price": "450000",
      "minimum_beds": 1,
      "ordering": "descending",
      "page_number": 49,
      "page_size": 100,
      "radius": 5,
    },
    "url": "http://apiurl.com",
  },
  Object {
    "params": Object {
      "api_key": "abc123",
      "area": "london",
      "listing_status": "sale",
      "maximum_price": "450000",
      "minimum_beds": 1,
      "ordering": "descending",
      "page_number": 50,
      "page_size": 100,
      "radius": 5,
    },
    "url": "http://apiurl.com",
  },
  Object {
    "params": Object {
      "api_key": "abc123",
      "area": "london",
      "listing_status": "sale",
      "maximum_price": "450000",
      "minimum_beds": 1,
      "ordering": "descending",
      "page_number": 51,
      "page_size": 100,
      "radius": 5,
    },
    "url": "http://apiurl.com",
  },
  Object {
    "params": Object {
      "api_key": "abc123",
      "area": "london",
      "listing_status": "sale",
      "maximum_price": "450000",
      "minimum_beds": 1,
      "ordering": "descending",
      "page_number": 52,
      "page_size": 100,
      "radius": 5,
    },
    "url": "http://apiurl.com",
  },
  Object {
    "params": Object {
      "api_key": "abc123",
      "area": "london",
      "listing_status": "sale",
      "maximum_price": "450000",
      "minimum_beds": 1,
      "ordering": "descending",
      "page_number": 53,
      "page_size": 100,
      "radius": 5,
    },
    "url": "http://apiurl.com",
  },
  Object {
    "params": Object {
      "api_key": "abc123",
      "area": "london",
      "listing_status": "sale",
      "maximum_price": "450000",
      "minimum_beds": 1,
      "ordering": "descending",
      "page_number": 54,
      "page_size": 100,
      "radius": 5,
    },
    "url": "http://apiurl.com",
  },
  Object {
    "params": Object {
      "api_key": "abc123",
      "area": "london",
      "listing_status": "sale",
      "maximum_price": "450000",
      "minimum_beds": 1,
      "ordering": "descending",
      "page_number": 55,
      "page_size": 100,
      "radius": 5,
    },
    "url": "http://apiurl.com",
  },
  Object {
    "params": Object {
      "api_key": "abc123",
      "area": "london",
      "listing_status": "sale",
      "maximum_price": "450000",
      "minimum_beds": 1,
      "ordering": "descending",
      "page_number": 56,
      "page_size": 100,
      "radius": 5,
    },
    "url": "http://apiurl.com",
  },
  Object {
    "params": Object {
      "api_key": "abc123",
      "area": "london",
      "listing_status": "sale",
      "maximum_price": "450000",
      "minimum_beds": 1,
      "ordering": "descending",
      "page_number": 57,
      "page_size": 100,
      "radius": 5,
    },
    "url": "http://apiurl.com",
  },
  Object {
    "params": Object {
      "api_key": "abc123",
      "area": "london",
      "listing_status": "sale",
      "maximum_price": "450000",
      "minimum_beds": 1,
      "ordering": "descending",
      "page_number": 58,
      "page_size": 100,
      "radius": 5,
    },
    "url": "http://apiurl.com",
  },
  Object {
    "params": Object {
      "api_key": "abc123",
      "area": "london",
      "listing_status": "sale",
      "maximum_price": "450000",
      "minimum_beds": 1,
      "ordering": "descending",
      "page_number": 59,
      "page_size": 100,
      "radius": 5,
    },
    "url": "http://apiurl.com",
  },
  Object {
    "params": Object {
      "api_key": "abc123",
      "area": "london",
      "listing_status": "sale",
      "maximum_price": "450000",
      "minimum_beds": 1,
      "ordering": "descending",
      "page_number": 60,
      "page_size": 100,
      "radius": 5,
    },
    "url": "http://apiurl.com",
  },
  Object {
    "params": Object {
      "api_key": "abc123",
      "area": "london",
      "listing_status": "sale",
      "maximum_price": "450000",
      "minimum_beds": 1,
      "ordering": "descending",
      "page_number": 61,
      "page_size": 100,
      "radius": 5,
    },
    "url": "http://apiurl.com",
  },
  Object {
    "params": Object {
      "api_key": "abc123",
      "area": "london",
      "listing_status": "sale",
      "maximum_price": "450000",
      "minimum_beds": 1,
      "ordering": "descending",
      "page_number": 62,
      "page_size": 100,
      "radius": 5,
    },
    "url": "http://apiurl.com",
  },
  Object {
    "params": Object {
      "api_key": "abc123",
      "area": "london",
      "listing_status": "sale",
      "maximum_price": "450000",
      "minimum_beds": 1,
      "ordering": "descending",
      "page_number": 63,
      "page_size": 100,
      "radius": 5,
    },
    "url": "http://apiurl.com",
  },
  Object {
    "params": Object {
      "api_key": "abc123",
      "area": "london",
      "listing_status": "sale",
      "maximum_price": "450000",
      "minimum_beds": 1,
      "ordering": "descending",
      "page_number": 64,
      "page_size": 100,
      "radius": 5,
    },
    "url": "http://apiurl.com",
  },
  Object {
    "params": Object {
      "api_key": "abc123",
      "area": "london",
      "listing_status": "sale",
      "maximum_price": "450000",
      "minimum_beds": 1,
      "ordering": "descending",
      "page_number": 65,
      "page_size": 100,
      "radius": 5,
    },
    "url": "http://apiurl.com",
  },
  Object {
    "params": Object {
      "api_key": "abc123",
      "area": "london",
      "listing_status": "sale",
      "maximum_price": "450000",
      "minimum_beds": 1,
      "ordering": "descending",
      "page_number": 66,
      "page_size": 100,
      "radius": 5,
    },
    "url": "http://apiurl.com",
  },
  Object {
    "params": Object {
      "api_key": "abc123",
      "area": "london",
      "listing_status": "sale",
      "maximum_price": "450000",
      "minimum_beds": 1,
      "ordering": "descending",
      "page_number": 67,
      "page_size": 100,
      "radius": 5,
    },
    "url": "http://apiurl.com",
  },
  Object {
    "params": Object {
      "api_key": "abc123",
      "area": "london",
      "listing_status": "sale",
      "maximum_price": "450000",
      "minimum_beds": 1,
      "ordering": "descending",
      "page_number": 68,
      "page_size": 100,
      "radius": 5,
    },
    "url": "http://apiurl.com",
  },
  Object {
    "params": Object {
      "api_key": "abc123",
      "area": "london",
      "listing_status": "sale",
      "maximum_price": "450000",
      "minimum_beds": 1,
      "ordering": "descending",
      "page_number": 69,
      "page_size": 100,
      "radius": 5,
    },
    "url": "http://apiurl.com",
  },
  Object {
    "params": Object {
      "api_key": "abc123",
      "area": "london",
      "listing_status": "sale",
      "maximum_price": "450000",
      "minimum_beds": 1,
      "ordering": "descending",
      "page_number": 70,
      "page_size": 100,
      "radius": 5,
    },
    "url": "http://apiurl.com",
  },
  Object {
    "params": Object {
      "api_key": "abc123",
      "area": "london",
      "listing_status": "sale",
      "maximum_price": "450000",
      "minimum_beds": 1,
      "ordering": "descending",
      "page_number": 71,
      "page_size": 100,
      "radius": 5,
    },
    "url": "http://apiurl.com",
  },
  Object {
    "params": Object {
      "api_key": "abc123",
      "area": "london",
      "listing_status": "sale",
      "maximum_price": "450000",
      "minimum_beds": 1,
      "ordering": "descending",
      "page_number": 72,
      "page_size": 100,
      "radius": 5,
    },
    "url": "http://apiurl.com",
  },
  Object {
    "params": Object {
      "api_key": "abc123",
      "area": "london",
      "listing_status": "sale",
      "maximum_price": "450000",
      "minimum_beds": 1,
      "ordering": "descending",
      "page_number": 73,
      "page_size": 100,
      "radius": 5,
    },
    "url": "http://apiurl.com",
  },
  Object {
    "params": Object {
      "api_key": "abc123",
      "area": "london",
      "listing_status": "sale",
      "maximum_price": "450000",
      "minimum_beds": 1,
      "ordering": "descending",
      "page_number": 74,
      "page_size": 100,
      "radius": 5,
    },
    "url": "http://apiurl.com",
  },
  Object {
    "params": Object {
      "api_key": "abc123",
      "area": "london",
      "listing_status": "sale",
      "maximum_price": "450000",
      "minimum_beds": 1,
      "ordering": "descending",
      "page_number": 75,
      "page_size": 100,
      "radius": 5,
    },
    "url": "http://apiurl.com",
  },
  Object {
    "params": Object {
      "api_key": "abc123",
      "area": "london",
      "listing_status": "sale",
      "maximum_price": "450000",
      "minimum_beds": 1,
      "ordering": "descending",
      "page_number": 76,
      "page_size": 100,
      "radius": 5,
    },
    "url": "http://apiurl.com",
  },
  Object {
    "params": Object {
      "api_key": "abc123",
      "area": "london",
      "listing_status": "sale",
      "maximum_price": "450000",
      "minimum_beds": 1,
      "ordering": "descending",
      "page_number": 77,
      "page_size": 100,
      "radius": 5,
    },
    "url": "http://apiurl.com",
  },
  Object {
    "params": Object {
      "api_key": "abc123",
      "area": "london",
      "listing_status": "sale",
      "maximum_price": "450000",
      "minimum_beds": 1,
      "ordering": "descending",
      "page_number": 78,
      "page_size": 100,
      "radius": 5,
    },
    "url": "http://apiurl.com",
  },
  Object {
    "params": Object {
      "api_key": "abc123",
      "area": "london",
      "listing_status": "sale",
      "maximum_price": "450000",
      "minimum_beds": 1,
      "ordering": "descending",
      "page_number": 79,
      "page_size": 100,
      "radius": 5,
    },
    "url": "http://apiurl.com",
  },
  Object {
    "params": Object {
      "api_key": "abc123",
      "area": "london",
      "listing_status": "sale",
      "maximum_price": "450000",
      "minimum_beds": 1,
      "ordering": "descending",
      "page_number": 80,
      "page_size": 100,
      "radius": 5,
    },
    "url": "http://apiurl.com",
  },
  Object {
    "params": Object {
      "api_key": "abc123",
      "area": "london",
      "listing_status": "sale",
      "maximum_price": "450000",
      "minimum_beds": 1,
      "ordering": "descending",
      "page_number": 81,
      "page_size": 100,
      "radius": 5,
    },
    "url": "http://apiurl.com",
  },
  Object {
    "params": Object {
      "api_key": "abc123",
      "area": "london",
      "listing_status": "sale",
      "maximum_price": "450000",
      "minimum_beds": 1,
      "ordering": "descending",
      "page_number": 82,
      "page_size": 100,
      "radius": 5,
    },
    "url": "http://apiurl.com",
  },
  Object {
    "params": Object {
      "api_key": "abc123",
      "area": "london",
      "listing_status": "sale",
      "maximum_price": "450000",
      "minimum_beds": 1,
      "ordering": "descending",
      "page_number": 83,
      "page_size": 100,
      "radius": 5,
    },
    "url": "http://apiurl.com",
  },
  Object {
    "params": Object {
      "api_key": "abc123",
      "area": "london",
      "listing_status": "sale",
      "maximum_price": "450000",
      "minimum_beds": 1,
      "ordering": "descending",
      "page_number": 84,
      "page_size": 100,
      "radius": 5,
    },
    "url": "http://apiurl.com",
  },
  Object {
    "params": Object {
      "api_key": "abc123",
      "area": "london",
      "listing_status": "sale",
      "maximum_price": "450000",
      "minimum_beds": 1,
      "ordering": "descending",
      "page_number": 85,
      "page_size": 100,
      "radius": 5,
    },
    "url": "http://apiurl.com",
  },
  Object {
    "params": Object {
      "api_key": "abc123",
      "area": "london",
      "listing_status": "sale",
      "maximum_price": "450000",
      "minimum_beds": 1,
      "ordering": "descending",
      "page_number": 86,
      "page_size": 100,
      "radius": 5,
    },
    "url": "http://apiurl.com",
  },
  Object {
    "params": Object {
      "api_key": "abc123",
      "area": "london",
      "listing_status": "sale",
      "maximum_price": "450000",
      "minimum_beds": 1,
      "ordering": "descending",
      "page_number": 87,
      "page_size": 100,
      "radius": 5,
    },
    "url": "http://apiurl.com",
  },
  Object {
    "params": Object {
      "api_key": "abc123",
      "area": "london",
      "listing_status": "sale",
      "maximum_price": "450000",
      "minimum_beds": 1,
      "ordering": "descending",
      "page_number": 88,
      "page_size": 100,
      "radius": 5,
    },
    "url": "http://apiurl.com",
  },
  Object {
    "params": Object {
      "api_key": "abc123",
      "area": "london",
      "listing_status": "sale",
      "maximum_price": "450000",
      "minimum_beds": 1,
      "ordering": "descending",
      "page_number": 89,
      "page_size": 100,
      "radius": 5,
    },
    "url": "http://apiurl.com",
  },
  Object {
    "params": Object {
      "api_key": "abc123",
      "area": "london",
      "listing_status": "sale",
      "maximum_price": "450000",
      "minimum_beds": 1,
      "ordering": "descending",
      "page_number": 90,
      "page_size": 100,
      "radius": 5,
    },
    "url": "http://apiurl.com",
  },
  Object {
    "params": Object {
      "api_key": "abc123",
      "area": "london",
      "listing_status": "sale",
      "maximum_price": "450000",
      "minimum_beds": 1,
      "ordering": "descending",
      "page_number": 91,
      "page_size": 100,
      "radius": 5,
    },
    "url": "http://apiurl.com",
  },
  Object {
    "params": Object {
      "api_key": "abc123",
      "area": "london",
      "listing_status": "sale",
      "maximum_price": "450000",
      "minimum_beds": 1,
      "ordering": "descending",
      "page_number": 92,
      "page_size": 100,
      "radius": 5,
    },
    "url": "http://apiurl.com",
  },
  Object {
    "params": Object {
      "api_key": "abc123",
      "area": "london",
      "listing_status": "sale",
      "maximum_price": "450000",
      "minimum_beds": 1,
      "ordering": "descending",
      "page_number": 93,
      "page_size": 100,
      "radius": 5,
    },
    "url": "http://apiurl.com",
  },
  Object {
    "params": Object {
      "api_key": "abc123",
      "area": "london",
      "listing_status": "sale",
      "maximum_price": "450000",
      "minimum_beds": 1,
      "ordering": "descending",
      "page_number": 94,
      "page_size": 100,
      "radius": 5,
    },
    "url": "http://apiurl.com",
  },
  Object {
    "params": Object {
      "api_key": "abc123",
      "area": "london",
      "listing_status": "sale",
      "maximum_price": "450000",
      "minimum_beds": 1,
      "ordering": "descending",
      "page_number": 95,
      "page_size": 100,
      "radius": 5,
    },
    "url": "http://apiurl.com",
  },
  Object {
    "params": Object {
      "api_key": "abc123",
      "area": "london",
      "listing_status": "sale",
      "maximum_price": "450000",
      "minimum_beds": 1,
      "ordering": "descending",
      "page_number": 96,
      "page_size": 100,
      "radius": 5,
    },
    "url": "http://apiurl.com",
  },
  Object {
    "params": Object {
      "api_key": "abc123",
      "area": "london",
      "listing_status": "sale",
      "maximum_price": "450000",
      "minimum_beds": 1,
      "ordering": "descending",
      "page_number": 97,
      "page_size": 100,
      "radius": 5,
    },
    "url": "http://apiurl.com",
  },
  Object {
    "params": Object {
      "api_key": "abc123",
      "area": "london",
      "listing_status": "sale",
      "maximum_price": "450000",
      "minimum_beds": 1,
      "ordering": "descending",
      "page_number": 98,
      "page_size": 100,
      "radius": 5,
    },
    "url": "http://apiurl.com",
  },
  Object {
    "params": Object {
      "api_key": "abc123",
      "area": "london",
      "listing_status": "sale",
      "maximum_price": "450000",
      "minimum_beds": 1,
      "ordering": "descending",
      "page_number": 99,
      "page_size": 100,
      "radius": 5,
    },
    "url": "http://apiurl.com",
  },
  Object {
    "params": Object {
      "api_key": "abc123",
      "area": "london",
      "listing_status": "sale",
      "maximum_price": "450000",
      "minimum_beds": 1,
      "ordering": "descending",
      "page_number": 100,
      "page_size": 100,
      "radius": 5,
    },
    "url": "http://apiurl.com",
  },
]
`;
